// Jest Snapshot v1, https://goo.gl/fbAQLP

exports[`SlateToolbar component SlateToolbar should match snapshot 1`] = `
<div
  aria-label="työkalupalkki"
  className="MuiPaper-root MuiPaper-elevation MuiPaper-rounded MuiPaper-elevation2 css-1qnc7df-MuiPaper-root"
>
  <div
    aria-label="Valitse fontin koko"
    className="MuiInputBase-root MuiOutlinedInput-root MuiInputBase-colorPrimary css-n0xngz-MuiInputBase-root-MuiOutlinedInput-root"
    onClick={[Function]}
  >
    <div
      aria-expanded="false"
      aria-haspopup="listbox"
      className="MuiSelect-select MuiSelect-outlined MuiInputBase-input MuiOutlinedInput-input css-11u53oe-MuiSelect-select-MuiInputBase-input-MuiOutlinedInput-input"
      onBlur={[Function]}
      onFocus={[Function]}
      onKeyDown={[Function]}
      onMouseDown={[Function]}
      role="button"
      tabIndex={0}
    >
      Leipäteksti
    </div>
    <input
      aria-hidden={true}
      className="MuiSelect-nativeInput css-yf8vq0-MuiSelect-nativeInput"
      onAnimationStart={[Function]}
      onChange={[Function]}
      tabIndex={-1}
      value="paragraph-two"
    />
    <svg
      aria-hidden={true}
      className="MuiSvgIcon-root MuiSvgIcon-fontSizeMedium MuiSelect-icon MuiSelect-iconOutlined css-1rejtkv-MuiSvgIcon-root-MuiSelect-icon"
      data-testid="ArrowDropDownIcon"
      focusable="false"
      viewBox="0 0 24 24"
    >
      <path
        d="M7 10l5 5 5-5z"
      />
    </svg>
    <fieldset
      aria-hidden={true}
      className="MuiOutlinedInput-notchedOutline css-1d3z3hw-MuiOutlinedInput-notchedOutline"
    >
      <legend
        className="css-ihdtdm"
      >
        <span
          className="notranslate"
        >
          ​
        </span>
      </legend>
    </fieldset>
  </div>
  <div
    className="MuiToggleButtonGroup-root css-4hldsh-MuiToggleButtonGroup-root"
    role="group"
  >
    <button
      aria-label="lihavoitu"
      aria-pressed={null}
      className="MuiButtonBase-root MuiToggleButton-root MuiToggleButton-sizeSmall MuiToggleButton-standard MuiToggleButtonGroup-grouped MuiToggleButtonGroup-groupedHorizontal css-aaezgw-MuiButtonBase-root-MuiToggleButton-root"
      disabled={false}
      onBlur={[Function]}
      onChange={[Function]}
      onClick={[Function]}
      onContextMenu={[Function]}
      onDragLeave={[Function]}
      onFocus={[Function]}
      onKeyDown={[Function]}
      onKeyUp={[Function]}
      onMouseDown={[Function]}
      onMouseLeave={[Function]}
      onMouseUp={[Function]}
      onTouchEnd={[Function]}
      onTouchMove={[Function]}
      onTouchStart={[Function]}
      tabIndex={0}
      type="button"
      value="bold"
    >
      <svg
        aria-hidden={true}
        className="MuiSvgIcon-root MuiSvgIcon-fontSizeSmall css-y3v3gx-MuiSvgIcon-root"
        data-testid="FormatBoldIcon"
        focusable="false"
        viewBox="0 0 24 24"
      >
        <path
          d="M15.6 10.79c.97-.67 1.65-1.77 1.65-2.79 0-2.26-1.75-4-4-4H7v14h7.04c2.09 0 3.71-1.7 3.71-3.79 0-1.52-.86-2.82-2.15-3.42zM10 6.5h3c.83 0 1.5.67 1.5 1.5s-.67 1.5-1.5 1.5h-3v-3zm3.5 9H10v-3h3.5c.83 0 1.5.67 1.5 1.5s-.67 1.5-1.5 1.5z"
        />
      </svg>
    </button>
    <button
      aria-label="kursivoitu"
      aria-pressed={null}
      className="MuiButtonBase-root MuiToggleButton-root MuiToggleButton-sizeSmall MuiToggleButton-standard MuiToggleButtonGroup-grouped MuiToggleButtonGroup-groupedHorizontal css-aaezgw-MuiButtonBase-root-MuiToggleButton-root"
      disabled={false}
      onBlur={[Function]}
      onChange={[Function]}
      onClick={[Function]}
      onContextMenu={[Function]}
      onDragLeave={[Function]}
      onFocus={[Function]}
      onKeyDown={[Function]}
      onKeyUp={[Function]}
      onMouseDown={[Function]}
      onMouseLeave={[Function]}
      onMouseUp={[Function]}
      onTouchEnd={[Function]}
      onTouchMove={[Function]}
      onTouchStart={[Function]}
      tabIndex={0}
      type="button"
      value="italic"
    >
      <svg
        aria-hidden={true}
        className="MuiSvgIcon-root MuiSvgIcon-fontSizeSmall css-y3v3gx-MuiSvgIcon-root"
        data-testid="FormatItalicIcon"
        focusable="false"
        viewBox="0 0 24 24"
      >
        <path
          d="M10 4v3h2.21l-3.42 8H6v3h8v-3h-2.21l3.42-8H18V4z"
        />
      </svg>
    </button>
    <button
      aria-label="alleviivattu"
      aria-pressed={null}
      className="MuiButtonBase-root MuiToggleButton-root MuiToggleButton-sizeSmall MuiToggleButton-standard MuiToggleButtonGroup-grouped MuiToggleButtonGroup-groupedHorizontal css-aaezgw-MuiButtonBase-root-MuiToggleButton-root"
      disabled={false}
      onBlur={[Function]}
      onChange={[Function]}
      onClick={[Function]}
      onContextMenu={[Function]}
      onDragLeave={[Function]}
      onFocus={[Function]}
      onKeyDown={[Function]}
      onKeyUp={[Function]}
      onMouseDown={[Function]}
      onMouseLeave={[Function]}
      onMouseUp={[Function]}
      onTouchEnd={[Function]}
      onTouchMove={[Function]}
      onTouchStart={[Function]}
      tabIndex={0}
      type="button"
      value="underlined"
    >
      <svg
        aria-hidden={true}
        className="MuiSvgIcon-root MuiSvgIcon-fontSizeSmall css-y3v3gx-MuiSvgIcon-root"
        data-testid="FormatUnderlinedIcon"
        focusable="false"
        viewBox="0 0 24 24"
      >
        <path
          d="M12 17c3.31 0 6-2.69 6-6V3h-2.5v8c0 1.93-1.57 3.5-3.5 3.5S8.5 12.93 8.5 11V3H6v8c0 3.31 2.69 6 6 6zm-7 2v2h14v-2H5z"
        />
      </svg>
    </button>
    <img
      alt="link"
      aria-label="Lisää linkki"
      className="MuiToggleButtonGroup-grouped MuiToggleButtonGroup-groupedHorizontal MuiBox-root css-1xst3u4"
      disabled={false}
      fullWidth={false}
      onChange={[Function]}
      onClick={[Function]}
      selected={false}
      size="small"
      src="Link.svg"
    />
    <button
      aria-label="numeroitu lista"
      aria-pressed={false}
      className="MuiButtonBase-root MuiToggleButton-root MuiToggleButton-sizeSmall MuiToggleButton-standard MuiToggleButtonGroup-grouped MuiToggleButtonGroup-groupedHorizontal css-aaezgw-MuiButtonBase-root-MuiToggleButton-root"
      disabled={false}
      onBlur={[Function]}
      onChange={[Function]}
      onClick={[Function]}
      onContextMenu={[Function]}
      onDragLeave={[Function]}
      onFocus={[Function]}
      onKeyDown={[Function]}
      onKeyUp={[Function]}
      onMouseDown={[Function]}
      onMouseLeave={[Function]}
      onMouseUp={[Function]}
      onTouchEnd={[Function]}
      onTouchMove={[Function]}
      onTouchStart={[Function]}
      tabIndex={0}
      type="button"
      value="numbered-list"
    >
      <svg
        aria-hidden={true}
        className="MuiSvgIcon-root MuiSvgIcon-fontSizeSmall css-y3v3gx-MuiSvgIcon-root"
        data-testid="FormatListNumberedIcon"
        focusable="false"
        viewBox="0 0 24 24"
      >
        <path
          d="M2 17h2v.5H3v1h1v.5H2v1h3v-4H2v1zm1-9h1V4H2v1h1v3zm-1 3h1.8L2 13.1v.9h3v-1H3.2L5 10.9V10H2v1zm5-6v2h14V5H7zm0 14h14v-2H7v2zm0-6h14v-2H7v2z"
        />
      </svg>
    </button>
    <button
      aria-label="numeroimaton lista"
      aria-pressed={false}
      className="MuiButtonBase-root MuiToggleButton-root MuiToggleButton-sizeSmall MuiToggleButton-standard MuiToggleButtonGroup-grouped MuiToggleButtonGroup-groupedHorizontal css-aaezgw-MuiButtonBase-root-MuiToggleButton-root"
      disabled={false}
      onBlur={[Function]}
      onChange={[Function]}
      onClick={[Function]}
      onContextMenu={[Function]}
      onDragLeave={[Function]}
      onFocus={[Function]}
      onKeyDown={[Function]}
      onKeyUp={[Function]}
      onMouseDown={[Function]}
      onMouseLeave={[Function]}
      onMouseUp={[Function]}
      onTouchEnd={[Function]}
      onTouchMove={[Function]}
      onTouchStart={[Function]}
      tabIndex={0}
      type="button"
      value="bulleted-list"
    >
      <svg
        aria-hidden={true}
        className="MuiSvgIcon-root MuiSvgIcon-fontSizeSmall css-y3v3gx-MuiSvgIcon-root"
        data-testid="FormatListBulletedIcon"
        focusable="false"
        viewBox="0 0 24 24"
      >
        <path
          d="M4 10.5c-.83 0-1.5.67-1.5 1.5s.67 1.5 1.5 1.5 1.5-.67 1.5-1.5-.67-1.5-1.5-1.5zm0-6c-.83 0-1.5.67-1.5 1.5S3.17 7.5 4 7.5 5.5 6.83 5.5 6 4.83 4.5 4 4.5zm0 12c-.83 0-1.5.68-1.5 1.5s.68 1.5 1.5 1.5 1.5-.68 1.5-1.5-.67-1.5-1.5-1.5zM7 19h14v-2H7v2zm0-6h14v-2H7v2zm0-8v2h14V5H7z"
        />
      </svg>
    </button>
  </div>
  <hr
    className="MuiDivider-root MuiDivider-middle MuiDivider-vertical MuiDivider-flexItem css-1dpfv1n-MuiDivider-root"
  />
  <img
    alt="color"
    aria-label="väri"
    className="MuiBox-root css-us34y6"
    onClick={[Function]}
    src="Palette.svg"
  />
  <hr
    className="MuiDivider-root MuiDivider-middle MuiDivider-vertical MuiDivider-flexItem css-1dpfv1n-MuiDivider-root"
  />
  <div
    className="css-k008qs"
  >
    <img
      alt="info"
      aria-label="info"
      className="MuiBox-root css-4g6ai3"
      onClick={[Function]}
      src="Add_info.svg"
    />
    <img
      alt="warning"
      aria-label="varoitus"
      className="MuiBox-root css-4g6ai3"
      onClick={[Function]}
      src="Add_varoitus.svg"
    />
    <img
      alt="error"
      aria-label="virhe"
      className="MuiBox-root css-4g6ai3"
      onClick={[Function]}
      src="Add_virhe.svg"
    />
    <img
      alt="check"
      aria-label="oikein-merkki"
      className="MuiBox-root css-4g6ai3"
      onClick={[Function]}
      src="Add_vahvistus.svg"
    />
  </div>
  <hr
    className="MuiDivider-root MuiDivider-middle MuiDivider-vertical MuiDivider-flexItem css-1dpfv1n-MuiDivider-root"
  />
  <div
    className="css-k008qs"
  >
    <img
      alt="card"
      aria-label="kortti"
      className="MuiBox-root css-4g6ai3"
      onClick={[Function]}
      src="Add_kortti.svg"
    />
    <img
      alt="text"
      aria-label="teksti"
      className="MuiBox-root css-4g6ai3"
      onClick={[Function]}
      src="Add_teksti.svg"
    />
  </div>
  <hr
    className="MuiDivider-root MuiDivider-middle MuiDivider-vertical MuiDivider-flexItem css-1dpfv1n-MuiDivider-root"
  />
  <img
    alt="close"
    aria-label="Sulje"
    className="MuiBox-root css-1yceefw"
    onClick={[Function]}
    src="Close.svg"
  />
</div>
`;
